
running 1 test
test spectrogram::tests::next_timing::stars_live_production_timings ... adapter: AdapterInfo { name: "Apple M1 Pro", vendor: 0, device: 0, device_type: IntegratedGpu, device_pci_bus_id: "", driver: "", driver_info: "", backend: Metal, subgroup_min_size: 4, subgroup_max_size: 64, transient_saves_memory: true }
pane 1920x1080 px at 2 px/pt, 960 slabs of 1024 buckets
input: recorded take, cyclic scrolling one slab/frame, clock advancing 1/48 second/slab; 960 visible slabs in 1032 slots
base-a settings: SpectralAtmosphere { pitch_softness: 6.7265296, time_softness: 0.0, spread: 0.0, blur_time_step: 1.0, contour_strength: 1.0, contours: 17.0, contour_softness: 0.4922026, cloud_depth: 1.0, color_pickup: 0.043984346, color_release: 0.71171474, cloud_speed: 4.2427387, cloud_direction: 174.0, material_settings: MaterialSettings { scale_size: 0.15393707, scale_variety: 0.5, scale_refract: -1.0, wash_size: 0.18126021, wash_fuzz: 1.0, wash_lobe: 1.0, wash_refract: 0.95015347, wash_layers: 0.5 }, cloud_style: Stars, star_density: 10.0, star_randomness: 0.080912866, star_jitter: 0.5, star_size_min: 2.315533, star_size_max: 14.752405, star_size_curve: 2.1178954, star_speed_min: 0.08931082, star_speed_max: 0.16860056, star_speed_curve: 3.179647, star_lifetime: 2.9719827, star_fringe: 0.5, star_halo_resolution: 1.0, star_halo_profile: P3, star_defocus: 0.35391274 }

thread 'spectrogram::tests::next_timing::stars_live_production_timings' (71532844) panicked at /Users/yan/.cargo/registry/src/index.crates.io-1949cf8c6b5b557f/wgpu-29.0.4/src/backend/wgpu_core.rs:1081:30:
wgpu error: Validation Error

Caused by:
  In Device::create_shader_module, label = 'spectrogram_shader'
    
Shader 'spectrogram_shader' parsing error: no definition in scope for identifier: `watercolor_tile_uv_for`
    ┌─ wgsl:587:12
    │
587 │     return watercolor_tile_uv_for(r, f32(cloud.tile_cells), cloud.pitch_vertical);
    │            ^^^^^^^^^^^^^^^^^^^^^^ unknown identifier




note: run with `RUST_BACKTRACE=1` environment variable to display a backtrace
FAILED

failures:

failures:
    spectrogram::tests::next_timing::stars_live_production_timings

test result: FAILED. 0 passed; 1 failed; 0 ignored; 0 measured; 370 filtered out; finished in 0.36s

