    Finished `release` profile [optimized] target(s) in 0.32s
     Running unittests src/lib.rs (target/release/deps/harmonigraph_render-6209358007c8e797)

running 1 test
test spectrogram::tests::timing::cloud_costs_by_style_and_dial ... adapter: AdapterInfo { name: "Apple M1 Pro", vendor: 0, device: 0, device_type: IntegratedGpu, device_pci_bus_id: "", driver: "", driver_info: "", backend: Metal, subgroup_min_size: 4, subgroup_max_size: 64, transient_saves_memory: true }
pane 1920x1080 px at 2 px/pt, 1024 slabs of 3828 buckets
case / fill / span s: source/full GPU min/p10/med/p90/max ms; wall median; CPU prepare median
blur only / 1.00 / 10.0: 1.576/1.609/2.072/2.578/5.133; wall 3.714; CPU 0.196; source px Some([1024, 1080])
stars-near: production high / 1.00 / 10.0: 4.659/4.694/5.828/8.130/11.764; wall 8.211; CPU 0.164; source px Some([1024, 1080])
  1.000x baseline (5.836 ms, stars-near: production high)
stars-near: production medium / 1.00 / 10.0: 3.634/3.677/4.117/5.737/11.022; wall 7.060; CPU 0.332; source px Some([1024, 1080])
  1.000x baseline (4.124 ms, stars-near: production medium)
stars-near: n1 high / 1.00 / 10.0: 4.201/4.232/4.975/6.873/12.375; wall 7.335; CPU 0.197; source px Some([1024, 1080])
  0.853x baseline (5.836 ms, stars-near: production high)
stars-near: n1 medium / 1.00 / 10.0: 3.370/3.411/4.016/5.436/8.957; wall 6.685; CPU 0.255; source px Some([1024, 1080])
  0.976x baseline (4.124 ms, stars-near: production medium)
stars-near: n2 high / 1.00 / 10.0: 4.351/4.381/5.276/7.182/11.816; wall 7.756; CPU 0.190; source px Some([1024, 1080])
  0.908x baseline (5.836 ms, stars-near: production high)
stars-near: n2 medium / 1.00 / 10.0: 3.206/3.248/3.816/4.974/10.367; wall 6.612; CPU 0.331; source px Some([1024, 1080])
  0.927x baseline (4.124 ms, stars-near: production medium)
ok

test result: ok. 1 passed; 0 failed; 0 ignored; 0 measured; 384 filtered out; finished in 13.18s

