    Finished `release` profile [optimized] target(s) in 0.12s
     Running unittests src/lib.rs (target/release/deps/harmonigraph_render-6209358007c8e797)

running 1 test
test spectrogram::tests::timing::cloud_costs_by_style_and_dial ... adapter: AdapterInfo { name: "Apple M1 Pro", vendor: 0, device: 0, device_type: IntegratedGpu, device_pci_bus_id: "", driver: "", driver_info: "", backend: Metal, subgroup_min_size: 4, subgroup_max_size: 64, transient_saves_memory: true }
pane 3840x2160 px at 4 px/pt, 1024 slabs of 3828 buckets
case / fill / span s: source/full GPU min/p10/med/p90/max ms; wall median; CPU prepare median
blur only / 1.00 / 10.0: 3.327/3.349/3.363/3.377/3.446; wall 4.787; CPU 0.103; source px Some([1024, 2160])
stars-near: production high / 1.00 / 10.0: 14.229/14.275/14.292/14.317/14.709; wall 15.452; CPU 0.086; source px Some([1024, 2160])
  1.000x baseline (14.293 ms, stars-near: production high)
stars-near: production medium / 1.00 / 10.0: 8.871/8.896/8.912/8.928/9.112; wall 10.980; CPU 0.126; source px Some([1024, 2160])
  1.000x baseline (8.912 ms, stars-near: production medium)
stars-near: n1 high / 1.00 / 10.0: 12.622/12.664/12.684/12.707/12.932; wall 13.972; CPU 0.117; source px Some([1024, 2160])
  0.887x baseline (14.293 ms, stars-near: production high)
stars-near: n1 medium / 1.00 / 10.0: 7.909/7.928/7.945/7.962/8.098; wall 9.457; CPU 0.122; source px Some([1024, 2160])
  0.891x baseline (8.912 ms, stars-near: production medium)
stars-near: n2 high / 1.00 / 10.0: 13.176/13.193/13.210/13.229/13.401; wall 15.388; CPU 0.107; source px Some([1024, 2160])
  0.924x baseline (14.293 ms, stars-near: production high)
stars-near: n2 medium / 1.00 / 10.0: 7.346/7.372/7.389/7.412/7.567; wall 9.404; CPU 0.117; source px Some([1024, 2160])
  0.829x baseline (8.912 ms, stars-near: production medium)
ok

test result: ok. 1 passed; 0 failed; 0 ignored; 0 measured; 384 filtered out; finished in 20.33s

