
running 371 tests
test dot_shadow::tests::a_declining_pane_is_held_and_one_that_stops_calling_is_not ... ok
test dot_shadow::tests::baked_dot_shadow_shader_validates ... ok
test dot_shadow::tests::both_spiral_geometry_kernels_hold_at_editor_and_export_scales ... ok
test dot_shadow::tests::either_spectral_geometry_endpoint_allocates_no_dot_shadow_atlas ... ok
test dot_shadow::tests::gaussian_spread_expands_dot_shadow_and_contour_ignores_it ... ok
test dot_shadow::tests::nothing_to_shadow_builds_no_pipelines ... ok
test glow::tests::a_copy_that_stops_preparing_is_evicted ... ok
test glow::tests::a_frame_with_nothing_to_light_paints_no_stale_halo ... ok
test glow::tests::a_resized_pane_rebuilds_and_a_crowded_frame_grows_its_buffer ... ok
test glow::tests::baked_glow_shader_validates ... ok
test glow::tests::nothing_to_light_builds_no_chain ... ok
test glow::tests::the_chain_covers_the_pixels_the_halo_is_stretched_across ... ok
test glow::tests::the_halo_lands_around_the_mark_and_adds_only_light ... ok
test glow::tests::the_halo_lands_on_the_marks_own_place_at_an_offset_rect_and_a_retina_scale ... ok
test glow::tests::the_pipelines_build_against_a_headless_device ... ok
test glow::tests::two_copies_at_unequal_rects_each_keep_their_own_chain ... ok
test lattice_material::tests::shader_validates ... ok
test lattice_tests::compose::fractional_bloom_strength_is_independent_of_render_scale ... ok
test lattice_tests::compose::sheets_draw_back_to_front_along_the_sevens_axis ... ok
test lattice_tests::contract::baked_blit_shader_validates ... ok
test lattice_tests::contract::baked_shader_validates ... ok
test lattice_tests::contract::octave_packing_matches_the_documented_layout ... ok
test lattice_tests::contract::the_shader_uses_the_scenes_global_glow_curve ... ok
test lattice_tests::contract::the_shaders_ink_strip_is_as_wide_as_the_texture_it_is_drawn_into ... ok
test lattice_tests::contract::the_shaders_pitch_luts_are_the_length_the_scene_says ... ok
test lattice_tests::contract::uniform_transport_matches_nagas_resolved_layout ... ok
test lattice_tests::device::a_failed_lattice_timestamp_map_can_arm_again ... ok
test lattice_tests::device::a_lattice_with_nothing_to_draw_reports_no_gpu_time ... ok
test lattice_tests::device::a_second_lattice_view_in_the_same_frame_does_not_break_the_submit ... ok
test lattice_tests::device::invalid_gpu_timestamp_pairs_are_not_published_as_zero_time ... ok
test lattice_tests::device::offscreen_composite_matches_direct_draw ... ok
test lattice_tests::device::pipeline_cache_rebuilds_for_another_device_or_format ... ok
test lattice_tests::device::pipelines_build_against_a_headless_device ... ok
test lattice_tests::device::reopening_reuses_pipelines_with_fresh_window_resources ... ok
test lattice_tests::device::startup_worker_preserves_pixels_and_reuses_its_completed_pipelines ... ok
test lattice_tests::glow_colour::a_light_in_its_release_survives_the_pane_changing_size ... ok
test lattice_tests::glow_colour::a_marked_slice_the_note_has_left_keeps_the_whole_light ... ok
test lattice_tests::glow_colour::a_node_added_to_a_pane_lights_in_its_own_colour ... ok
test lattice_tests::glow_colour::a_node_wearing_only_an_audio_ring_gives_off_no_light ... ok
test lattice_tests::glow_colour::a_node_with_no_light_writes_into_no_other_nodes_colour ... ok
test lattice_tests::glow_colour::a_nodes_light_has_no_ripple_the_ink_does_not ... ok
test lattice_tests::glow_colour::a_nodes_light_takes_its_colour_from_the_frame_before ... ok
test lattice_tests::glow_colour::a_nodes_light_takes_the_colour_of_whichever_layer_is_drawing ... ok
test lattice_tests::glow_colour::a_silent_slice_puts_none_of_its_ground_in_the_light ... ok
test lattice_tests::glow_colour::a_slice_part_way_out_carries_that_much_of_the_light ... ok
test lattice_tests::glow_colour::glow_free_blur_cull_matches_unculled_rows_through_release_and_reuse ... ok
test lattice_tests::glow_colour::the_ink_strip_has_a_row_for_every_node ... ok
test lattice_tests::glow_colour::the_wash_reaches_a_lit_slice_and_nothing_else ... ok
test lattice_tests::glow_colour::the_wash_reaches_a_wedge_the_volume_ramp_lit ... ok
test lattice_tests::glow_colour::widening_a_layer_gives_its_colour_more_of_the_light ... ok
test lattice_tests::glow_markers::a_crosss_shadow_is_worth_its_ink ... ok
test lattice_tests::glow_markers::a_marker_holds_a_nodes_halo_off_its_own_cross ... ok
test lattice_tests::glow_markers::a_markers_shadow_does_not_show_through_its_tapered_arm ... ok
test lattice_tests::glow_markers::a_markers_shadow_fades_out_with_the_taper_of_its_arm ... ok
test lattice_tests::glow_markers::a_resting_marker_wears_the_wash_it_stands_in ... ok
test lattice_tests::glow_markers::a_tapered_arm_gives_up_its_shadow_with_the_ink_the_taper_takes ... ok
test lattice_tests::glow_markers::one_shadow_is_one_distance_whatever_the_cross_it_stands_off ... ok
test lattice_tests::glow_reach::a_lattice_with_only_marker_anchors_grows_no_glow ... ok
test lattice_tests::glow_reach::the_glow_blend_says_how_separate_a_node_keeps_its_colours ... ok
test lattice_tests::glow_reach::the_glow_curve_can_hold_a_long_tail_without_moving_the_peak_or_edge ... ok
test lattice_tests::glow_reach::the_glow_reach_says_how_far_a_node_lights_past_its_own_edge ... ok
test lattice_tests::glow_reach::the_middle_of_a_node_is_where_its_light_is_fullest ... ok
test lattice_tests::glow_union::a_dense_saturated_chord_stays_under_the_fixed_peak ... ok
test lattice_tests::glow_union::a_fading_neighbour_returns_to_the_lone_glow_without_moving_the_ceiling ... ok
test lattice_tests::glow_union::a_held_nodes_light_breathes_without_advancing_its_ink_history ... ok
test lattice_tests::glow_union::a_lone_glow_keeps_its_colour_profile_and_fade ... ok
test lattice_tests::glow_union::accumulation_sweeps_to_the_original_screen_of_each_colour_channel ... ok
test lattice_tests::glow_union::dense_faint_overlap_order_precision ... ignored, manual MRT precision stress measurement
test lattice_tests::glow_union::different_hues_meet_at_screened_luminance_in_either_order ... ok
test lattice_tests::glow_union::marks_do_not_change_the_halo_footprint ... ok
test lattice_tests::glow_union::material_controls_change_light_and_only_geometry_controls_rebake ... ok
test lattice_tests::glow_union::mosaic_displaces_note_light_and_switches_geometry_without_carrying_old_tiles ... ok
test lattice_tests::glow_union::stage_clocks_and_bypasses_are_independent_on_a_carried_pane ... ok
test lattice_tests::glow_union::textures_feed_both_materials_before_displacement ... ok
test lattice_tests::glow_union::textures_shape_the_combined_light_without_creating_or_recoloring_it ... ok
test lattice_tests::glow_union::the_color_transition_ends_at_the_ring_even_with_a_wider_halo ... ok
test lattice_tests::glow_union::watercolor_motion_and_silence_use_the_production_light ... ok
test lattice_tests::golden::a_chord_at_a_wide_reach_draws_the_frame_on_record ... ok
test lattice_tests::golden::a_chord_at_the_fresh_view_draws_the_frame_on_record ... ok
test lattice_tests::golden::a_name_at_render_scale_2_draws_the_frame_on_record ... ok
test lattice_tests::golden::a_name_on_a_nodes_band_draws_the_frame_on_record ... ok
test lattice_tests::golden::a_node_in_its_own_shadow_draws_the_frame_on_record ... ok
test lattice_tests::golden::a_sheet_behind_a_node_draws_the_frame_on_record ... ok
test lattice_tests::golden::names_overlapping_on_one_sheet_draw_the_frame_on_record ... ok
test lattice_tests::golden::the_live_view_at_the_top_of_the_distance_row_draws_the_frame_on_record ... ok
test lattice_tests::golden::the_live_view_draws_the_frame_on_record ... ok
test lattice_tests::golden::the_live_view_goldens_exercise_both_shadow_kernels ... ok
test lattice_tests::golden::the_live_view_on_the_distance_row_draws_the_frame_on_record ... ok
test lattice_tests::golden::the_resting_marker_field_draws_the_frame_on_record ... ok
test lattice_tests::golden::the_zoomed_out_view_on_the_distance_row_draws_the_frame_on_record ... ok
test lattice_tests::golden::two_strokes_of_one_name_draw_the_frame_on_record ... ok
test lattice_tests::labels::a_culled_home_nodes_name_draws_over_the_markers_behind_it ... ok
test lattice_tests::labels::a_foreground_node_occludes_rear_text_without_self_occlusion_or_extra_shadow ... ok
test lattice_tests::labels::a_label_adds_no_light_through_the_bloom ... ok
test lattice_tests::labels::a_label_takes_its_own_nodes_place_in_the_order ... ok
test lattice_tests::labels::a_name_casting_no_shadow_paints_its_ink_and_nothing_else ... ok
test lattice_tests::labels::a_name_holds_the_light_off_the_ground_it_stands_on ... ok
test lattice_tests::labels::a_name_is_not_darkened_by_its_own_shadow ... ok
test lattice_tests::labels::a_name_on_a_nearer_node_shadows_a_farther_nodes_rings_and_not_the_reverse ... ok
test lattice_tests::labels::a_name_wears_the_wash_it_stands_in ... ok
test lattice_tests::labels::a_names_shadow_is_the_same_after_another_name_as_after_a_node ... ok
test lattice_tests::labels::a_names_shadow_is_the_same_width_in_points_at_render_scale_2 ... ok
test lattice_tests::labels::a_names_shadow_reaches_as_far_as_its_width_says ... ok
test lattice_tests::labels::a_names_shadow_takes_the_same_share_off_ink_as_off_ground ... ok
test lattice_tests::labels::a_nearer_node_covers_the_label_of_the_node_behind ... ok
test lattice_tests::labels::a_pane_rebinds_its_sheets_only_when_one_moves ... ok
test lattice_tests::labels::two_adjacent_names_from_different_sheets_draw_the_nearer_last ... ok
test lattice_tests::labels::two_facing_strokes_cast_deeper_between_them_than_either_alone ... ok
test lattice_tests::local_shadows::foreground_ink_restores_local_shadow_transmittance ... ok
test lattice_tests::local_shadows::gaussian_spread_expands_node_label_and_marker_shadows_without_moving_ink ... ok
test lattice_tests::local_shadows::notation_shadows_darken_saturated_light_without_changing_remote_pixels ... ok
test lattice_tests::local_shadows::text_depth_scales_a_fixed_profile_on_the_pane_fill ... ok
test lattice_tests::marks::a_gated_node_loses_its_ring_and_nothing_else ... ok
test lattice_tests::marks::a_mark_follows_its_slices_thickness ... ok
test lattice_tests::marks::a_mark_stands_off_the_outermost_ring_the_node_draws ... ok
test lattice_tests::marks::a_mark_with_no_ring_under_it_reaches_the_nodes_centre ... ok
test lattice_tests::marks::a_melody_bass_mark_extends_the_slice_it_names ... ok
test lattice_tests::marks::a_real_held_chord_shows_its_melody_and_bass_marks ... ok
test lattice_tests::marks::a_ring_part_way_through_its_fade_sits_between_the_two ... ok
test lattice_tests::marks::the_audio_ring_reads_the_spectrum_around_each_octave ... ok
test lattice_tests::marks::the_shader_spends_a_markers_proportions_on_the_shape_they_name ... ok
test lattice_tests::metal_assets::generated_metal_assets_preserve_storage_binding_lengths ... ignored, manual generated-Metal-asset probe; requires Metal and test-only assets
test lattice_tests::occlusion::partial_occlusion_fades_rear_ink_and_preserves_the_background ... ok
test lattice_tests::octaves::a_lone_notes_octave_fades_in_a_straight_line ... ok
test lattice_tests::octaves::a_released_octave_lands_on_its_ghost_without_a_step ... ok
test lattice_tests::octaves::a_silent_slice_wears_the_ground_the_scene_names ... ok
test lattice_tests::octaves::a_thick_slice_swells_past_the_band ... ok
test lattice_tests::octaves::a_thin_slice_lights_from_the_inner_edge_and_leaves_a_notch_beyond ... ok
test lattice_tests::octaves::an_indicator_is_drawn_at_its_own_pitchs_angle ... ok
test lattice_tests::octaves::every_octave_in_the_range_is_drawn_and_they_close_the_ring ... ok
test lattice_tests::octaves::the_folded_ring_reads_each_wedge_at_its_own_octave ... ok
test lattice_tests::octaves::the_lights_colour_seams_run_at_one_width_from_its_edge_to_the_centre ... ok
test lattice_tests::quantization::final_dither_keeps_byte_representable_flat_ink_flat ... ok
test lattice_tests::quantization::shadows_below_one_percent_still_fade_over_glow ... ok
test lattice_tests::quantization::the_final_dither_breaks_radial_quantization_rings_without_temporal_noise ... ok
test lattice_tests::quantization::the_lattice_keeps_its_gradients_in_half_floats_until_the_final_composite ... ok
test lattice_tests::reload::a_poll_over_files_that_did_not_move_rebuilds_nothing ... ok
test lattice_tests::reload::a_published_reload_raises_the_count_and_hands_over_the_source ... ok
test lattice_tests::reload::a_rejection_names_the_module_it_is_about ... ok
test lattice_tests::reload::a_rejection_states_the_seam_its_own_module_was_joined_at ... ok
test lattice_tests::reload::an_edit_to_either_module_is_a_reload_of_both ... ok
test lattice_tests::reload::an_edit_to_the_common_half_reaches_the_text_module_and_the_lattice_one ... ok
test lattice_tests::reload::an_edit_whose_read_fails_is_not_swallowed ... ok
test lattice_tests::reload::the_baked_common_half_seams_where_it_says_it_does ... ok
test lattice_tests::reload::the_stated_seam_is_where_the_module_actually_starts ... ok
test lattice_tests::shadow_staging::prepare_shadow_uploads_preserve_exact_cells_and_picture_across_panes ... ok
test lattice_tests::shadows::a_crosss_shadow_is_its_own_share_of_the_one_cell_the_field_casts_from ... ok
test lattice_tests::shadows::a_distance_frame_of_markers_casts_without_an_atlas ... ok
test lattice_tests::shadows::a_distance_markers_shadow_width_is_screen_constant_under_perspective ... ok
test lattice_tests::shadows::a_distance_row_darkens_a_corner_as_deeply_as_an_edge_where_a_blur_retreats ... ok
test lattice_tests::shadows::a_distance_rows_crease_is_no_deeper_than_a_lone_edge ... ok
test lattice_tests::shadows::a_distance_rows_shadow_keeps_a_letterforms_gap_at_a_wide_shadow ... ok
test lattice_tests::shadows::a_frame_whose_groups_disagree_draws_both_renderers ... ok
test lattice_tests::shadows::a_gaussian_release_does_not_show_its_shadow_through_its_own_ring ... ok
test lattice_tests::shadows::a_kernel_moves_the_picture_and_moves_nothing_with_the_shadow_shut ... ok
test lattice_tests::shadows::a_marked_nodes_shadow_stands_off_an_unmarked_ones_by_the_strip_alone ... ok
test lattice_tests::shadows::a_marker_inherits_the_text_groups_whole_shadow ... ok
test lattice_tests::shadows::a_names_shadow_reaches_the_bloom ... ok
test lattice_tests::shadows::a_nearer_node_on_one_sheet_shadows_the_farther_and_not_the_reverse ... ok
test lattice_tests::shadows::a_node_close_to_the_eye_packs_a_cell_the_atlas_can_hold ... ok
test lattice_tests::shadows::a_node_distance_profile_matches_the_cpu_reference ... ok
test lattice_tests::shadows::a_nodes_own_rings_are_not_darkened_by_its_own_shadow ... ok
test lattice_tests::shadows::a_nodes_own_shadow_reaches_the_bloom ... ok
test lattice_tests::shadows::a_released_nodes_shadow_fades_with_its_ink_and_ends_with_it ... ok
test lattice_tests::shadows::a_resting_crosss_shadow_reaches_the_bloom_too ... ok
test lattice_tests::shadows::a_subfloor_mark_does_not_mask_a_gaussian_shadow_before_it_is_visible ... ok
test lattice_tests::shadows::a_zero_width_mark_casts_no_distance_shadow ... ok
test lattice_tests::shadows::a_zoomed_out_distance_shadow_does_not_break_a_ring_into_spikes ... ok
test lattice_tests::shadows::neither_shadow_bar_at_its_bottom_casts_or_allocates ... ok
test lattice_tests::shadows::node_shadow_darkness_scales_the_entire_profile ... ok
test lattice_tests::shadows::only_a_frame_that_blurs_holds_the_blurs_intermediate ... ok
test lattice_tests::shadows::rectangular_panes_and_atlases_preserve_shadow_coordinates ... ok
test lattice_tests::shadows::the_falloff_moves_the_darkness_inside_the_width_and_not_its_edge ... ok
test lattice_tests::shadows::the_grown_quad_holds_the_whole_blur_at_the_top_of_the_shadow_bar ... ok
test lattice_tests::shadows::the_light_beside_a_ring_is_held_off_within_one_shadow_width ... ok
test lattice_tests::shadows::the_text_groups_width_moves_a_names_shadow_and_no_other_casters ... ok
test lattice_tests::shadows::two_nodes_crossing_shadows_multiply_rather_than_take_the_deeper ... ok
test lattice_tests::ships::a_bent_ring_ramp_is_read_where_its_entries_stand ... ok
test lattice_tests::ships::a_culled_node_behind_home_moves_no_marker ... ok
test lattice_tests::ships::a_faded_out_ring_ships_no_idle_node ... ok
test lattice_tests::ships::a_marker_nearer_the_eye_than_a_node_draws_after_it ... ok
test lattice_tests::ships::a_resting_lattice_ships_one_marker_draw ... ok
test lattice_tests::ships::a_ring_wedge_wears_its_own_levels_ramp_entry ... ok
test lattice_tests::ships::a_silent_lattice_ships_no_nodes_and_still_draws_its_markers ... ok
test lattice_tests::ships::an_open_ring_ships_every_idle_node ... ok
test lattice_tests::ships::each_thing_that_makes_a_node_sounding_keeps_it_alone ... ok
test lattice_tests::ships::offscreen_halos_draw_only_where_their_footprint_reaches ... ok
test lattice_tests::ships::the_fragment_early_outs_do_not_change_a_pixel ... ok
test lattice_tests::targets::bloom_toggles_preserve_release_history_and_only_replace_bloom ... ok
test lattice_tests::targets::capacity_growth_reseeds_current_ink_and_row_reuse_keeps_identity ... ok
test lattice_tests::targets::glow_clock_consumes_only_encoded_callbacks_and_uses_the_previous_level ... ok
test lattice_tests::targets::glow_off_discards_history_when_target_maintenance_runs ... ok
test lattice_tests::targets::untimed_snapshots_seed_current_ink_on_a_reused_pane ... ok
test lattice_tests::targets::viewport_changes_keep_history_without_allocating_a_strip ... ok
test lattice_tests::timing::a_frame_of_audio_rings_costs_this_much ... ignored, a probe: prints a timing and asserts nothing
test lattice_tests::timing::a_frame_of_names_at_each_kernel_costs_this_much ... ignored, a probe: prints a timing and asserts nothing
test lattice_tests::timing::a_frame_of_names_at_the_top_of_the_shadow_bar_costs_this_much ... ignored, a probe: prints a timing and asserts nothing
test lattice_tests::timing::a_frame_of_names_costs_this_much ... ignored, a probe: prints a timing and asserts nothing
test lattice_tests::timing::animation_costs_by_pose_and_density ... ignored, a probe: prints animation timing and asserts nothing
test lattice_tests::timing::atmosphere_costs_by_polyphony ... ignored, manual atmosphere performance audit
test lattice_tests::timing::timing_editor_pipeline_startup ... ignored, manual editor startup timing
test lattice_tests::transitions::all_orders_draw_complete_rotated_pieces_at_their_shared_delays ... ok
test lattice_tests::transitions::distance_shadows_fade_continuously_across_layers_and_settling ... ok
test lattice_tests::transitions::smooth_grow_draws_complete_pieces_and_settles ... ok
test lattice_tests::transitions::transition_keeps_gated_audio_fixed_through_midi_release_and_prune ... ok
test lattice_tests::transitions::zero_spread_orders_draw_the_same_smooth_arrival ... ok
test pass_aged::tests::a_stamp_from_the_future_ages_at_zero ... ok
test pass_aged::tests::an_entry_survives_to_the_last_pass_before_the_limit ... ok
test pass_aged::tests::every_entry_stamped_in_one_pass_survives_that_pass ... ok
test pass_aged::tests::the_sweep_takes_only_the_entry_that_stopped ... ok
test pass_aged::tests::touching_an_absent_entry_builds_nothing ... ok
test pass_aged::tests::touching_without_building_keeps_an_entry_alive ... ok
test roll::tests::a_cap_is_never_wider_than_the_outline_it_belongs_to ... ok
test roll::tests::a_caps_reach_is_the_callers_and_not_the_outlines ... ok
test roll::tests::a_fading_lead_uncovers_the_cap_at_the_notes_own_end ... ok
test roll::tests::a_glides_outline_keeps_its_thickness_instead_of_thinning_with_the_angle ... ok
test roll::tests::a_growing_notes_gaussian_shadow_crosses_cell_boundaries_smoothly ... ok
test roll::tests::a_lead_fade_takes_the_ribbon_out_toward_its_tip ... ok
test roll::tests::a_leads_opacity_dims_the_lead_and_not_the_note ... ok
test roll::tests::a_notes_corners_are_square ... ok
test roll::tests::a_pane_that_stops_drawing_gives_its_chain_back ... ok
test roll::tests::a_reversed_depth_direction_only_mirrors_the_picture ... ok
test roll::tests::a_sheared_notes_cap_follows_its_center_line ... ok
test roll::tests::a_sliver_glide_paints_nothing_along_pitch_past_its_reach ... ok
test roll::tests::a_steep_glides_outline_wraps_its_ends_at_its_own_reach ... ok
test roll::tests::a_stepped_width_keeps_its_shoulder_outlined ... ok
test roll::tests::a_tapered_note_narrows_about_its_center_and_its_outline_follows ... ok
test roll::tests::a_thin_ribbon_glows_in_proportion_to_the_ink_it_has ... ok
test roll::tests::a_translucent_note_keeps_its_color_and_full_shadow_over_bright_heatmaps ... ok
test roll::tests::a_two_pixel_note_holds_its_brightness_as_it_scrolls ... ok
test roll::tests::a_two_pixel_notes_bloom_holds_its_energy_as_it_scrolls ... ok
test roll::tests::a_two_pixel_notes_coverage_centroid_moves_sub_pixel ... ok
test roll::tests::an_outline_never_covers_another_notes_body ... ok
test roll::tests::baked_roll_shader_validates ... ok
test roll::tests::both_roll_geometry_kernels_hold_at_editor_and_export_scales ... ok
test roll::tests::either_spectral_geometry_endpoint_allocates_no_roll_shadow_atlas ... ok
test roll::tests::every_pane_prepared_in_one_frame_survives_until_paint ... ok
test roll::tests::gaussian_spread_expands_roll_shadow_and_contour_ignores_it ... ok
test roll::tests::pieces_of_a_tapered_note_tile_it ... ok
test roll::tests::pieces_tile_their_note_and_a_fade_runs_along_it ... ok
test roll::tests::the_bloom_adds_light_around_a_note ... ok
test roll::tests::the_bloom_covers_the_pixels_the_halo_is_stretched_across ... ok
test roll::tests::the_cap_is_unioned_with_the_wrap_and_not_added_to_it ... ok
test roll::tests::the_outline_does_not_paint_over_a_hairline_note ... ok
test roll::tests::the_outline_runs_the_whole_length_of_its_note ... ok
test roll::tests::the_outline_wraps_every_side_of_a_note ... ok
test roll::tests::the_pipeline_builds_against_a_headless_device ... ok
test roll::tests::turning_the_axes_turns_the_picture ... ok
test roll::tests::uniforms_match_the_bound_shader_layout ... ok
test shadow::tests::a_caster_that_darkens_nothing_takes_no_cell_and_no_room ... ok
test shadow::tests::a_cell_the_atlas_cannot_hold_casts_nothing ... ok
test shadow::tests::a_cells_blur_stays_inside_its_own_cell_and_keeps_its_mass ... ok
test shadow::tests::a_cells_sigma_is_at_most_three_texels_at_every_shadow_width ... ok
test shadow::tests::a_direct_distance_keeps_only_the_blur_cell ... ok
test shadow::tests::a_distance_cell_reaches_the_stop_and_holds_its_quality_floor ... ok
test shadow::tests::a_frame_with_no_caster_packs_no_cell ... ok
test shadow::tests::a_kernel_row_costs_this_much_atlas_against_one_gaussian ... ok
test shadow::tests::a_mixed_frame_packs_each_caster_at_its_own_style ... ok
test shadow::tests::a_node_distance_cell_keeps_the_quality_floor_and_a_blur_does_not ... ok
test shadow::tests::a_spectral_style_that_cannot_cast_has_no_reach ... ok
test shadow::tests::an_atlas_distance_keeps_the_cell_its_scene_draw_samples ... ok
test shadow::tests::falloff_keeps_the_same_cell_padding ... ok
test shadow::tests::gaussian_spread_pads_the_source_without_changing_blur_or_contour ... ok
test shadow::tests::packed_cells_are_disjoint_and_inside_the_atlas ... ok
test shadow::tests::sigma_is_half_the_shadow_in_pane_points ... ok
test shadow::tests::the_blurs_reach_and_loop_bound_are_the_packers_own ... ok
test shadow::tests::the_falloff_preview_is_the_shaders_profile ... ok
test shadow::tests::the_kernels_pedestal_is_its_own_weight_at_the_reach ... ok
test shadow::tests::the_occluder_grid_lists_every_later_node_box_under_a_point ... ok
test shadow::tests::the_shaders_caster_is_the_packers ... ok
test shadow::tests::the_shaders_distance_kind_and_reach_are_the_packers ... ok
test spectral_shadow::tests::a_surface_nobody_draws_to_gives_its_atlas_back ... ok
test spectral_shadow::tests::two_gaussian_groups_dispatch_one_blur_chain_and_mixed_dispatches_two_kinds ... ok
test spectrogram::atmosphere::color_memory_tests::bucketed_memory_preserves_images_across_resize_and_sampling_changes ... ok
test spectrogram::atmosphere::color_memory_tests::color_memory_uses_elapsed_time_and_resets_invalid_history ... ok
test spectrogram::atmosphere::color_memory_tests::halo_resolution_changes_carry_stars_color_history ... ok
test spectrogram::atmosphere::color_memory_tests::jitter_edits_reset_only_the_stars_color_history ... ok
test spectrogram::atmosphere::color_memory_tests::material_color_memory_carries_exact_texels_in_both_orientations ... ok
test spectrogram::atmosphere::color_memory_tests::star_color_memory_follows_cells_and_resets_each_new_life ... ok
test spectrogram::atmosphere::tests::drift_follows_the_dial_at_a_constant_direction ... ok
test spectrogram::atmosphere::tests::halo_profiles_group_actual_sizes_and_keep_depth_addresses ... ok
test spectrogram::atmosphere::tests::halo_resolution_rounds_each_axis_without_losing_tiny_targets ... ok
test spectrogram::atmosphere::tests::retained_targets_bound_resolution_and_preserve_full_axes ... ok
test spectrogram::atmosphere::tests::spectral_uniforms_match_the_bound_shader_layouts ... ok
test spectrogram::atmosphere::tests::stars_drift_with_parallax_at_the_prototypes_pace ... ok
test spectrogram::atmosphere::tests::the_star_atlas_floors_only_the_finest_cells_and_only_past_its_budget ... ok
test spectrogram::atmosphere::tests::the_star_atlas_holds_every_cell_the_walk_reads ... ok
test spectrogram::atmosphere::tests::the_star_ring_holds_every_star_that_reaches_a_pixel ... ok
test spectrogram::atmosphere::tests::the_tile_is_as_fine_as_the_pane_draws_a_cell ... ok
test spectrogram::atmosphere::tests::the_time_step_bounds_the_light_field_by_the_runs_slabs_alone ... ok
test spectrogram::atmosphere::tests::the_tone_target_appears_only_where_it_is_coarser_than_the_pane ... ok
test spectrogram::tests::a_cloud_is_drawn_over_an_unblurred_picture ... ok
test spectrogram::tests::a_delta_upload_draws_what_a_full_upload_draws ... ok
test spectrogram::tests::a_pane_that_stops_drawing_gives_its_grid_back ... ok
test spectrogram::tests::a_pixel_narrower_than_a_bucket_reads_between_the_two_under_it ... ok
test spectrogram::tests::a_pixel_wider_than_a_bucket_reads_the_mean_of_the_buckets_under_it ... ok
test spectrogram::tests::a_quiet_pane_takes_the_gradients_own_floor_rather_than_black ... ok
test spectrogram::tests::a_range_past_the_top_of_the_spectrum_reads_its_last_two_buckets ... ok
test spectrogram::tests::a_reduced_cloud_draws_no_seam_where_its_region_starts ... ok
test spectrogram::tests::a_reduced_cloud_draws_the_same_picture_softened ... ok
test spectrogram::tests::a_time_stepped_light_field_draws_the_smooth_picture_from_one_texel_a_slab ... ok
test spectrogram::tests::a_wide_kernel_narrower_than_its_quadrature_reads_the_texel_grid ... ok
test spectrogram::tests::baked_spectrogram_shader_validates ... ok
test spectrogram::tests::contours_shape_the_refracted_levels ... ok
test spectrogram::tests::density_weights_bright_buckets_before_pitch_source_reduction ... ok
test spectrogram::tests::float_output_uses_linear_palette_for_every_style ... ok
test spectrogram::tests::golden_spectrogram_styles_broadband_quiet_and_silence ... ok
test spectrogram::tests::held_newest_slab_and_zero_softness_preserve_the_field ... ok
test spectrogram::tests::lava_preserves_silence_quiet_fields_and_nested_levels ... ok
test spectrogram::tests::live_parity::stars_live_production_images ... ignored
test spectrogram::tests::live_timing::stars_live_production_timings ... ignored, a probe: prints timings and asserts timestamp ordering
test spectrogram::tests::negative_refraction_quantizes_the_bend_rather_than_painting_scales ... ok
test spectrogram::tests::palette_uploads_follow_prepared_snapshots_and_resource_lifetimes ... ok
test spectrogram::tests::slab_keys_before_zero_and_a_wrapping_run_land_where_the_shader_reads ... ok
test spectrogram::tests::spectral_cloud_targets_refresh_after_palette_resize_disable_and_empty_frames ... ok
test spectrogram::tests::spectral_cloud_targets_survive_pitch_zoom_and_span_drags ... ok
test spectrogram::tests::spectral_clouds_extend_past_the_scrolling_history_edge ... ok
test spectrogram::tests::spectral_clouds_follow_offset_panes_at_both_pixel_scales ... ok
test spectrogram::tests::spectral_clouds_light_the_surroundings_and_leave_silence_dark ... ok
test spectrogram::tests::spectral_diffusion_adds_no_texture_or_analyzer_coupling ... ok
test spectrogram::tests::spectral_diffusion_colors_the_combined_intensity_once ... ok
test spectrogram::tests::spectral_diffusion_removes_bright_grain_in_both_axes ... ok
test spectrogram::tests::spectral_diffusion_softens_faint_detail_with_one_fade_to_the_palettes_floor ... ok
test spectrogram::tests::star_split::halo_profile_transitions_preserve_color_history ... ok
test spectrogram::tests::star_split::separate_halos_reconstruct_the_wide_response_including_gaussian_tails ... ok
test spectrogram::tests::star_split::star_split_activates_at_the_real_size_threshold ... ok
test spectrogram::tests::star_split::star_split_matches_native_at_fractional_scale_with_and_without_memory ... ok
test spectrogram::tests::star_split::uniform_halos_preserve_the_original_array_lookup ... ok
test spectrogram::tests::textures_preserve_levels_and_zero_refraction_is_exact_identity ... ok
test spectrogram::tests::the_dome_grid_covers_the_plane_and_the_ring_holds_it ... ok
test spectrogram::tests::the_headless_frame_is_the_frame_the_callback_paints ... ok
test spectrogram::tests::the_layer_bends_the_picture_rather_than_painting_over_it ... ok
test spectrogram::tests::the_mosaic_tile_keeps_the_live_walk_inside_its_first_period ... ok
test spectrogram::tests::the_pipeline_builds_against_a_headless_device ... ok
test spectrogram::tests::the_starfield_lights_sound_and_leaves_silence_on_the_floor ... ok
test spectrogram::tests::the_starfield_moves_by_the_drift ... ok
test spectrogram::tests::the_tile_hash_fold_closes_every_lattice ... ok
test spectrogram::tests::the_tile_is_rebaked_only_when_the_walk_moves ... ok
test spectrogram::tests::the_tile_period_tiles_every_lattice ... ok
test spectrogram::tests::the_variety_reaches_the_scales ... ok
test spectrogram::tests::the_wash_dials_each_reach_the_globs ... ok
test spectrogram::tests::the_wash_grid_covers_the_plane_and_the_ring_holds_it ... ok
test spectrogram::tests::the_wash_reads_the_light_at_each_globs_centre_and_invents_none ... ok
test spectrogram::tests::the_watercolor_tile_uses_the_exact_rotation_in_both_pane_orientations ... ok
test spectrogram::tests::timing::cloud_costs_by_style_and_dial ... ignored, a probe: prints timings and asserts timestamp ordering
test spectrogram::tests::uniforms_match_the_bound_shader_layout ... ok
test spectrogram::tests::wide_musical_blur_integrates_periodic_broadband_without_phase_aliasing ... ok
test spectrogram::tests::zero_width_lava_skips_offscreen_passes_at_live_capacity ... ok
test startup::tests::plugin_shutdown_joins_the_worker_and_prevents_restart ... ok
test text::tests::a_build_with_no_watcher_compiles_the_baked_text_module ... ok
test text::tests::a_callback_tracks_the_shared_font_texture_by_resource_identity ... ok
test text::tests::a_faded_label_takes_its_shadow_with_it ... ok
test text::tests::a_front_label_shadows_back_ink_but_not_its_own_letters ... ok
test text::tests::a_glyph_against_the_atlas_edge_paints_what_a_padded_one_does ... ok
test text::tests::a_glyph_paints_its_ink_and_the_sdf_shadow_stands_outside_it ... ok
test text::tests::a_glyph_reads_the_sheet_it_names ... ok
test text::tests::a_glyph_slides_across_a_pixel_without_a_step ... ok
test text::tests::a_pane_that_stops_drawing_gives_its_glyphs_back ... ok
test text::tests::a_prepared_pane_survives_a_later_pane_growing_the_atlas ... ok
test text::tests::a_sliding_hairline_keeps_its_weight ... ok
test text::tests::baked_text_shader_validates ... ok
test text::tests::both_spectral_text_kernels_draw_from_the_glyph_sdf ... ok
test text::tests::either_spectral_text_endpoint_allocates_no_shadow_atlas ... ok
test text::tests::every_glyph_pipeline_is_built_from_one_module ... ok
test text::tests::gaussian_spread_expands_spectral_text_shadow_without_changing_fill ... ok
test text::tests::lattice_and_spectral_text_share_one_sdf_texture ... ok
test text::tests::pipelines_built_for_another_format_are_stale ... ok
test text::tests::spectral_text_can_cast_beyond_the_old_width_limit_at_every_scale ... ok
test text::tests::the_pipelines_build_against_a_headless_device ... ok
test text::tests::the_sdf_tile_padding_agrees_with_the_shader ... ok
test text::tests::the_two_axis_filter_reconstructs_motion_in_either_direction ... ok

test result: ok. 359 passed; 0 failed; 12 ignored; 0 measured; 0 filtered out; finished in 48.19s

