
running 53 tests
test tests::persist::a_blob_naming_a_curve_time_off_its_own_bar_opens_on_one_that_fits ... ok
test tests::persist::a_blob_naming_a_fade_wider_than_its_edge_opens_on_one_that_fits ... ok
test tests::persist::a_blob_naming_a_lead_release_off_its_own_bar_opens_on_one_that_fits ... ok
test tests::persist::a_blob_naming_a_nonsense_camera_opens_on_what_it_can_reach ... ok
test tests::persist::a_blob_naming_a_nonsense_camera_target_opens_on_a_drawable_one ... ok
test tests::persist::a_blob_naming_a_nonsense_render_config_opens_on_what_it_can_reach ... ok
test tests::persist::a_blob_naming_a_nonsense_soft_edge_opens_on_a_drawable_one ... ok
test tests::persist::a_blob_naming_an_undrawable_level_range_opens_on_a_drawable_one ... ok
test tests::persist::a_blob_naming_more_wheel_than_fits_opens_on_what_fits ... ok
test tests::persist::a_blob_older_than_the_version_floor_is_refused_whole ... ok
test tests::persist::a_blob_with_a_nonsense_heatmap_gradient_loads_at_a_drawable_one ... ok
test tests::persist::a_blob_with_a_nonsense_pitch_range_loads_at_the_design_range ... ok
test tests::persist::a_blob_without_a_ui_scale_loads_at_the_design_size ... ok
test tests::persist::a_blob_written_against_the_taper_keeps_what_it_still_says ... ok
test tests::persist::a_blob_written_before_the_auto_detect_opts_into_it ... ok
test tests::persist::a_double_click_on_a_soft_edge_restores_the_fresh_pair ... ok
test tests::persist::a_dropped_variant_refuses_the_whole_document_and_says_so ... ok
test tests::persist::a_folded_section_survives_an_editor_reopen ... ok
test tests::persist::a_glow_curve_missing_shape_uses_the_fresh_shape ... ok
test tests::persist::a_persist_blob_missing_a_spectrum_field_keeps_the_rest_of_the_blob ... ok
test tests::persist::a_persist_blob_missing_any_one_section_keeps_the_rest ... ok
test tests::persist::a_persist_blob_missing_any_one_spiral_key_keeps_the_rest ... ok
test tests::persist::a_persist_blob_predating_the_spectrogram_loads_with_it_on ... ok
test tests::persist::a_pitch_range_off_the_current_axis_is_pulled_back_onto_it ... ok
test tests::persist::a_refused_blob_says_why ... ok
test tests::persist::a_render_frame_round_trips ... ok
test tests::persist::a_retired_key_is_ignored_and_the_rest_survives ... ok
test tests::persist::a_saved_angle_lands_where_the_camera_controls_could_have_put_it ... ok
test tests::persist::a_shadow_endpoint_missing_any_one_group_keeps_the_other_three ... ok
test tests::persist::a_shadow_group_missing_one_field_fills_it_from_the_bare_style ... ok
test tests::persist::a_view_carrying_a_key_the_struct_does_not_have_loads_intact ... ok
test tests::persist::a_view_missing_any_one_key_reloads_at_the_fresh_value ... ok
test tests::persist::an_appearance_missing_any_one_group_keeps_the_rest ... ok
test tests::persist::an_impossible_ui_scale_is_clamped ... ok
test tests::persist::an_old_dock_is_replaced_without_losing_appearance ... ok
test tests::persist::analyzer_scalars_are_normalized_before_any_settings_are_drawn ... ok
test tests::persist::animation_controls_round_trip_and_a_missing_one_loads_fresh ... ok
test tests::persist::atmosphere_keys_default_individually_and_normalize_on_load ... ok
test tests::persist::corrupt_persist_is_ignored ... ok
test tests::persist::folding_the_analyzer_view_leaves_the_sections_below_it ... ok
test tests::persist::lattice_map_indicator_visibility_round_trips_and_defaults_on ... ok
test tests::persist::loading_a_project_re_opens_the_comma_verdicts ... ok
test tests::persist::material_settings_are_independent_and_missing_nested_keys_default ... ok
test tests::persist::persist_round_trips_camera_and_view ... ok
test tests::persist::persist_round_trips_the_frame_rate_cap ... ok
test tests::persist::persist_round_trips_the_spiral_framing ... ok
test tests::persist::pre_cap_persist_blobs_load_as_uncapped ... ok
test tests::persist::spectral_atmosphere_defaults_missing_controls_and_repairs_loaded_values ... ok
test tests::persist::spectrum_config_round_trips_through_persist ... ok
test tests::persist::star_halo_profile_defaults_old_saves_and_roundtrips ... ok
test tests::persist::the_persist_blob_carries_exactly_these_top_level_keys ... ok
test tests::persist::workspace_edits_do_not_change_recorded_appearance ... ok
test workspace::tests::persisted_layout_defaults_and_sanitization_are_local ... ok

test result: ok. 53 passed; 0 failed; 0 ignored; 0 measured; 706 filtered out; finished in 0.14s

