    Finished `release` profile [optimized] target(s) in 0.27s
     Running unittests src/lib.rs (target/release/deps/harmonigraph_render-6209358007c8e797)

running 1 test
test spectrogram::tests::timing::cloud_costs_by_style_and_dial ... adapter: AdapterInfo { name: "Apple M1 Pro", vendor: 0, device: 0, device_type: IntegratedGpu, device_pci_bus_id: "", driver: "", driver_info: "", backend: Metal, subgroup_min_size: 4, subgroup_max_size: 64, transient_saves_memory: true }
pane 1920x1080 px at 2 px/pt, 1024 slabs of 3828 buckets
case / fill / span s: source/full GPU min/p10/med/p90/max ms; wall median; CPU prepare median
blur only / 1.00 / 10.0: 1.573/1.602/1.846/2.547/3.657; wall 3.589; CPU 0.195; source px Some([1024, 1080])
stars-proto: production high / 1.00 / 10.0: 4.676/4.753/5.382/7.043/8.944; wall 7.623; CPU 0.180; source px Some([1024, 1080])
  1.000x baseline (5.383 ms, stars-proto: production high)
stars-proto: production medium / 1.00 / 10.0: 3.630/3.666/3.956/5.366/8.405; wall 6.375; CPU 0.228; source px Some([1024, 1080])
  0.735x baseline (5.383 ms, stars-proto: production high)
stars-proto: p1 high-far / 1.00 / 10.0: 3.882/3.930/4.341/5.566/7.746; wall 6.707; CPU 0.200; source px Some([1024, 1080])
  0.808x baseline (5.383 ms, stars-proto: production high)
stars-proto: p1 medium-far / 1.00 / 10.0: 3.929/3.986/4.422/5.587/9.633; wall 6.751; CPU 0.208; source px Some([1024, 1080])
  0.822x baseline (5.383 ms, stars-proto: production high)
stars-proto: p1x high-far / 1.00 / 10.0: 3.511/3.580/3.968/5.000/7.094; wall 6.399; CPU 0.206; source px Some([1024, 1080])
  0.739x baseline (5.383 ms, stars-proto: production high)
stars-proto: p1x medium-far / 1.00 / 10.0: 3.444/3.497/3.922/5.145/8.292; wall 6.476; CPU 0.200; source px Some([1024, 1080])
  0.729x baseline (5.383 ms, stars-proto: production high)
stars-proto: p2 tiles / 1.00 / 10.0: 2.591/2.623/3.096/3.936/6.181; wall 4.993; CPU 0.197; source px Some([1024, 1080])
  0.576x baseline (5.383 ms, stars-proto: production high)
ok

test result: ok. 1 passed; 0 failed; 0 ignored; 0 measured; 384 filtered out; finished in 13.62s

