    Finished `release` profile [optimized] target(s) in 0.13s
     Running unittests src/lib.rs (target/release/deps/harmonigraph_render-6209358007c8e797)

running 1 test
test spectrogram::tests::timing::cloud_costs_by_style_and_dial ... adapter: AdapterInfo { name: "Apple M1 Pro", vendor: 0, device: 0, device_type: IntegratedGpu, device_pci_bus_id: "", driver: "", driver_info: "", backend: Metal, subgroup_min_size: 4, subgroup_max_size: 64, transient_saves_memory: true }
pane 3840x2160 px at 4 px/pt, 1024 slabs of 3828 buckets
case / fill / span s: source/full GPU min/p10/med/p90/max ms; wall median; CPU prepare median
blur only / 1.00 / 10.0: 3.328/3.352/3.583/3.664/3.893; wall 4.832; CPU 0.133; source px Some([1024, 2160])
stars-proto: production high / 1.00 / 10.0: 14.538/14.719/14.831/15.056/15.617; wall 16.949; CPU 0.122; source px Some([1024, 2160])
  1.000x baseline (14.832 ms, stars-proto: production high)
stars-proto: production medium / 1.00 / 10.0: 9.091/9.130/9.333/9.600/9.649; wall 11.023; CPU 0.141; source px Some([1024, 2160])
  0.629x baseline (14.832 ms, stars-proto: production high)
stars-proto: p1 high-far / 1.00 / 10.0: 10.437/10.501/10.736/10.976/11.075; wall 12.514; CPU 0.144; source px Some([1024, 2160])
  0.724x baseline (14.832 ms, stars-proto: production high)
stars-proto: p1 medium-far / 1.00 / 10.0: 8.951/8.978/9.035/9.414/9.522; wall 11.003; CPU 0.144; source px Some([1024, 2160])
  0.609x baseline (14.832 ms, stars-proto: production high)
stars-proto: p1x high-far / 1.00 / 10.0: 8.900/9.078/9.139/9.471/9.635; wall 11.025; CPU 0.143; source px Some([1024, 2160])
  0.616x baseline (14.832 ms, stars-proto: production high)
stars-proto: p1x medium-far / 1.00 / 10.0: 8.095/8.298/8.345/8.681/8.875; wall 9.605; CPU 0.143; source px Some([1024, 2160])
  0.563x baseline (14.832 ms, stars-proto: production high)
stars-proto: p2 tiles / 1.00 / 10.0: 6.986/7.206/7.251/7.448/7.729; wall 9.364; CPU 0.139; source px Some([1024, 2160])
  0.489x baseline (14.832 ms, stars-proto: production high)
ok

test result: ok. 1 passed; 0 failed; 0 ignored; 0 measured; 384 filtered out; finished in 22.22s

