    Finished `release` profile [optimized] target(s) in 0.27s
     Running unittests src/lib.rs (target/release/deps/harmonigraph_render-6209358007c8e797)

running 1 test
test spectrogram::tests::timing::cloud_costs_by_style_and_dial ... adapter: AdapterInfo { name: "Apple M1 Pro", vendor: 0, device: 0, device_type: IntegratedGpu, device_pci_bus_id: "", driver: "", driver_info: "", backend: Metal, subgroup_min_size: 4, subgroup_max_size: 64, transient_saves_memory: true }
pane 3840x2160 px at 4 px/pt, 1024 slabs of 3828 buckets
case / fill / span s: source/full GPU min/p10/med/p90/max ms; wall median; CPU prepare median
blur only / 1.00 / 10.0: 3.328/3.356/3.575/3.662/3.877; wall 4.817; CPU 0.127; source px Some([1024, 2160])
stars-proto: production high / 1.00 / 10.0: 14.349/14.637/14.832/15.073/15.225; wall 16.865; CPU 0.112; source px Some([1024, 2160])
  1.000x baseline (14.838 ms, stars-proto: production high)
stars-proto: production medium / 1.00 / 10.0: 8.967/9.128/9.339/9.598/10.180; wall 10.998; CPU 0.137; source px Some([1024, 2160])
  0.629x baseline (14.838 ms, stars-proto: production high)
stars-proto: p1 high-far / 1.00 / 10.0: 10.356/10.500/10.737/10.981/11.186; wall 12.500; CPU 0.136; source px Some([1024, 2160])
  0.724x baseline (14.838 ms, stars-proto: production high)
stars-proto: p1 medium-far / 1.00 / 10.0: 8.803/8.981/9.038/9.285/9.515; wall 10.973; CPU 0.137; source px Some([1024, 2160])
  0.609x baseline (14.838 ms, stars-proto: production high)
stars-proto: p1x high-far / 1.00 / 10.0: 8.879/9.081/9.140/9.517/9.652; wall 10.996; CPU 0.136; source px Some([1024, 2160])
  0.616x baseline (14.838 ms, stars-proto: production high)
stars-proto: p1x medium-far / 1.00 / 10.0: 8.123/8.305/8.345/8.707/8.793; wall 9.571; CPU 0.136; source px Some([1024, 2160])
  0.562x baseline (14.838 ms, stars-proto: production high)
stars-proto: p2 tiles / 1.00 / 10.0: 6.994/7.203/7.249/7.464/7.917; wall 9.336; CPU 0.133; source px Some([1024, 2160])
  0.489x baseline (14.838 ms, stars-proto: production high)
ok

test result: ok. 1 passed; 0 failed; 0 ignored; 0 measured; 384 filtered out; finished in 22.07s

